exports[`test Header snapshot is the same 1`] = `
<div
  className="navButton">
  <p
    className="navTitle">
    <a
      onClick={[Function]}
      style={Object {}}>
      Home
    </a>
    <span />
    <a
      onClick={[Function]}
      style={Object {}}>
      Gallery
    </a>
    <a
      href="http://localhost:8080/auth/logout">
      Logout
    </a>
    <a
      onClick={[Function]}
      style={Object {}}>
      <i
        aria-hidden="true"
        className="fa fa-cloud-upload fa-2x uploadButton" />
    </a>
  </p>
</div>
`;
